---
source: crates/efr-cli/src/follow/view/call/tests.rs
expression: "[40_u16,\n80].map(|columns|\nreadable(&call.header(&RenderOptions::new(columns)))).join(\"\")"
---
\e[33m·\e[0m \e[36m$ cargo test xxxxxxxxxxxxxxxxxxxxxxxx\e[0m\e[2m↩\e[0m
    \e[36mxxxxxxxxxxxxxxxxxxxxxxxxxxxxxxxxxxx\e[0m\e[2m↩\e[0m
    \e[36mxxxxxxxxxxxxxxxxxxxxxxxxxxxxxxxxxxx\e[0m\e[2m↩\e[0m
    \e[36mxxxxxx --no-fail-fast\e[0m
\e[33m·\e[0m \e[36m$ cargo test xxxxxxxxxxxxxxxxxxxxxxxxxxxxxxxxxxxxxxxxxxxxxxxxxxxxxxxxxxxxxxxx\e[0m\e[2m↩\e[0m
    \e[36mxxxxxxxxxxxxxxxxxxxxxxxxxxxxxxxxxxxx --no-fail-fast\e[0m
