---
source: crates/efr-daemon/tests/it/cache_prefix.rs
expression: prefix_report(&bodies)
---
request 2: starts with request 1 (1 of 3 items)
request 3: starts with request 2 (3 of 5 items)
request 4: starts with request 3 (5 of 7 items)
request 5: starts with request 4 (7 of 9 items)
request 6: starts with request 5 (9 of 11 items)
request 7: starts with request 6 (11 of 13 items)
request 8: starts with request 7 (13 of 15 items)
request 9: starts with request 8 (15 of 17 items)
request 10: starts with request 9 (17 of 19 items)
request 11: starts with request 10 (19 of 21 items)
request 12: starts with request 11 (21 of 23 items)
request 13: starts with request 12 (23 of 25 items)
request 14: starts with request 13 (25 of 27 items)
request 15: starts with request 14 (27 of 29 items)
request 16: starts with request 15 (29 of 31 items)
request 17: starts with request 16 (31 of 33 items)
request 18: starts with request 17 (33 of 35 items)
request 19: starts with request 18 (35 of 37 items)
request 20: starts with request 19 (37 of 39 items)
request 21: starts with request 20 (39 of 41 items)
request 22: starts with request 21 (41 of 43 items)
request 23: starts with request 22 (43 of 45 items)
request 24: starts with request 23 (45 of 47 items)
request 25: starts with request 24 (47 of 49 items)
request 26: starts with request 25 (49 of 51 items)
request 27: starts with request 26 (51 of 53 items)
request 28: starts with request 27 (53 of 55 items)
request 29: starts with request 28 (55 of 57 items)
request 30: starts with request 29 (57 of 59 items)
request 31: starts with request 30 (59 of 61 items)
request 32: starts with request 31 (61 of 63 items)
request 33: starts with request 32 (63 of 65 items)
request 34: starts with request 33 (65 of 67 items)
request 35: starts with request 34 (67 of 69 items)
request 36: starts with request 35 (69 of 71 items)
request 37: starts with request 36 (71 of 73 items)
request 38: starts with request 37 (73 of 75 items)
request 39: starts with request 38 (75 of 77 items)
request 40: starts with request 39 (77 of 79 items)
request 41: starts with request 40 (79 of 81 items)
request 42: starts with request 41 (81 of 83 items)
request 43: starts with request 42 (83 of 85 items)
request 44: starts with request 43 (85 of 87 items)
request 45: starts with request 44 (87 of 89 items)
request 46: starts with request 45 (89 of 91 items)
request 47: starts with request 46 (91 of 93 items)
request 48: starts with request 47 (93 of 95 items)
request 49: starts with request 48 (95 of 97 items)
request 50: starts with request 49 (97 of 99 items)
request 51: starts with request 50 (99 of 101 items)
request 52: edits item 0 of 101 (user)
request 53: edits item 2 of 103 (user)
request 54: edits item 4 of 105 (user)
request 55: edits item 6 of 107 (user)
