---
source: crates/efr-cli/src/follow/view/tests/layout.rs
expression: "every_way(&[Sent(0, turn_started()), Sent(900, message(0, \"Done.\")),\nSent(1_000, turn_changed(changes)),])"
---
=== 40 columns, colour
[end]
Done.

\e[2m3 files changed, +24 −7\e[0m
\e[2mdone in 1.0s, 18.2k tokens in, 1.1k out\e[0m

=== 40 columns, NO_COLOR
[end]
Done.

\e[2m3 files changed, +24 −7\e[0m
\e[2mdone in 1.0s, 18.2k tokens in, 1.1k out\e[0m

=== 80 columns, colour
[end]
Done.

\e[2m3 files changed, +24 −7\e[0m
\e[2mdone in 1.0s, 18.2k tokens in, 1.1k out\e[0m

=== 80 columns, NO_COLOR
[end]
Done.

\e[2m3 files changed, +24 −7\e[0m
\e[2mdone in 1.0s, 18.2k tokens in, 1.1k out\e[0m

=== not a terminal
[end]
stdout:
Done.
stderr:
3 files changed, +24 −7
