---
source: crates/efr-cli/src/follow/view/tests/layout.rs
expression: shown
---
=== 40 columns, colour
[asked]
\e[1;33m? allow this edit\e[0m
\e[2m│ \e[0mwrite ~/.zshrc (user config)
\e[2m│ \e[0m~/.zshrc
\e[2m│ \e[0m\e[36m@@ -1,2 +1,2 @@\e[0m
\e[2m│ \e[0m \e[35mexport\e[0m EDITOR\e[35m=\e[0m\e[32mnvim\e[0m
\e[2m│ \e[0m\e[1;31m-\e[0m\e[36malias\e[0m \e[34mll\e[0m\e[35m=\e[0m\e[32m'ls -l'\e[0m
\e[2m│ \e[0m\e[1;32m+\e[0m\e[36malias\e[0m \e[34mll\e[0m\e[35m=\e[0m\e[32m'ls -la'\e[0m
\e[2m│ \e[0m\e[1my\e[0m\e[2m allow\e[0m\e[2m · \e[0m\e[1mn\e[0m\e[2m deny\e[0m

[end]
\e[32m✓ allowed\e[0m
\e[33m·\e[0m \e[36medit ~/.zshrc\e[0m
\e[2m  │ \e[0m\e[36m@@ -1,2 +1,2 @@\e[0m
\e[2m  │ \e[0m \e[35mexport\e[0m EDITOR\e[35m=\e[0m\e[32mnvim\e[0m
\e[2m  │ \e[0m\e[1;31m-\e[0m\e[36malias\e[0m \e[34mll\e[0m\e[35m=\e[0m\e[32m'ls -l'\e[0m
\e[2m  │ \e[0m\e[1;32m+\e[0m\e[36malias\e[0m \e[34mll\e[0m\e[35m=\e[0m\e[32m'ls -la'\e[0m
  \e[32m✓\e[0m
\e[33m•\e[0m \e[2mwaiting for the model\e[0m  \e[2m1s\e[0m

=== 40 columns, NO_COLOR
[asked]
\e[1m? allow this edit\e[0m
\e[2m│ \e[0mwrite ~/.zshrc (user config)
\e[2m│ \e[0m~/.zshrc
\e[2m│ \e[0m@@ -1,2 +1,2 @@
\e[2m│ \e[0m export EDITOR=nvim
\e[2m│ \e[0m\e[1m-\e[0malias ll='ls -l'
\e[2m│ \e[0m\e[1m+\e[0malias ll='ls -la'
\e[2m│ \e[0m\e[1my\e[0m\e[2m allow\e[0m\e[2m · \e[0m\e[1mn\e[0m\e[2m deny\e[0m

[end]
✓ allowed
\e[1m·\e[0m edit ~/.zshrc
\e[2m  │ \e[0m@@ -1,2 +1,2 @@
\e[2m  │ \e[0m export EDITOR=nvim
\e[2m  │ \e[0m\e[1m-\e[0malias ll='ls -l'
\e[2m  │ \e[0m\e[1m+\e[0malias ll='ls -la'
  ✓
\e[1m•\e[0m \e[2mwaiting for the model\e[0m  \e[2m1s\e[0m

=== 80 columns, colour
[asked]
\e[1;33m? allow this edit\e[0m
\e[2m│ \e[0mwrite ~/.zshrc (user config)
\e[2m│ \e[0m~/.zshrc
\e[2m│ \e[0m\e[36m@@ -1,2 +1,2 @@\e[0m
\e[2m│ \e[0m \e[35mexport\e[0m EDITOR\e[35m=\e[0m\e[32mnvim\e[0m
\e[2m│ \e[0m\e[1;31m-\e[0m\e[36malias\e[0m \e[34mll\e[0m\e[35m=\e[0m\e[32m'ls -l'\e[0m
\e[2m│ \e[0m\e[1;32m+\e[0m\e[36malias\e[0m \e[34mll\e[0m\e[35m=\e[0m\e[32m'ls -la'\e[0m
\e[2m│ \e[0m\e[1my\e[0m\e[2m allow\e[0m\e[2m · \e[0m\e[1mn\e[0m\e[2m deny\e[0m

[end]
\e[32m✓ allowed\e[0m
\e[33m·\e[0m \e[36medit ~/.zshrc\e[0m
\e[2m  │ \e[0m\e[36m@@ -1,2 +1,2 @@\e[0m
\e[2m  │ \e[0m \e[35mexport\e[0m EDITOR\e[35m=\e[0m\e[32mnvim\e[0m
\e[2m  │ \e[0m\e[1;31m-\e[0m\e[36malias\e[0m \e[34mll\e[0m\e[35m=\e[0m\e[32m'ls -l'\e[0m
\e[2m  │ \e[0m\e[1;32m+\e[0m\e[36malias\e[0m \e[34mll\e[0m\e[35m=\e[0m\e[32m'ls -la'\e[0m
  \e[32m✓\e[0m
\e[33m•\e[0m \e[2mwaiting for the model\e[0m  \e[2m1s\e[0m

=== 80 columns, NO_COLOR
[asked]
\e[1m? allow this edit\e[0m
\e[2m│ \e[0mwrite ~/.zshrc (user config)
\e[2m│ \e[0m~/.zshrc
\e[2m│ \e[0m@@ -1,2 +1,2 @@
\e[2m│ \e[0m export EDITOR=nvim
\e[2m│ \e[0m\e[1m-\e[0malias ll='ls -l'
\e[2m│ \e[0m\e[1m+\e[0malias ll='ls -la'
\e[2m│ \e[0m\e[1my\e[0m\e[2m allow\e[0m\e[2m · \e[0m\e[1mn\e[0m\e[2m deny\e[0m

[end]
✓ allowed
\e[1m·\e[0m edit ~/.zshrc
\e[2m  │ \e[0m@@ -1,2 +1,2 @@
\e[2m  │ \e[0m export EDITOR=nvim
\e[2m  │ \e[0m\e[1m-\e[0malias ll='ls -l'
\e[2m  │ \e[0m\e[1m+\e[0malias ll='ls -la'
  ✓
\e[1m•\e[0m \e[2mwaiting for the model\e[0m  \e[2m1s\e[0m

=== not a terminal
[asked]
stdout:
stderr:
? allow this edit
│ write ~/.zshrc (user config)
│ ~/.zshrc
│ @@ -1,2 +1,2 @@
│  export EDITOR=nvim
│ -alias ll='ls -l'
│ +alias ll='ls -la'
│ y allow · n deny

[end]
stdout:
stderr:
? allow this edit
│ write ~/.zshrc (user config)
│ ~/.zshrc
│ @@ -1,2 +1,2 @@
│  export EDITOR=nvim
│ -alias ll='ls -l'
│ +alias ll='ls -la'
│ y allow · n deny
✓ allowed
· edit ~/.zshrc
  │ @@ -1,2 +1,2 @@
  │  export EDITOR=nvim
  │ -alias ll='ls -l'
  │ +alias ll='ls -la'
  ✓
