---
source: crates/efr-cli/src/follow/view/tests/layout.rs
expression: "every_way(&[Sent(0, turn_started()), Drafted(counted(98_400)),\nShot(\"counted\"), Sent(10, shell(1, \"cargo test --workspace\")),\nShot(\"running\"), Sent(1_400, ended(1, Some(0), None)),\nDrafted(counted(205_000)),\nDrafted(DraftPart::Compacting { trigger: CompactionTrigger::Auto }),\nShot(\"compacting\"),\nSent(6_000,\nEvent::ConversationCompacted(compaction(CompactionTrigger::Auto, 24_100))),\nDrafted(counted(24_100)),\nSent(9_000,\nEvent::ConversationCompacted(compaction(CompactionTrigger::Overflow,\n30_000))),\nSent(12_000,\nEvent::ConversationCompacted(compaction(CompactionTrigger::Auto, 240_000))),\nDrafted(counted(240_000)), Shot(\"full\"),\nSent(42_000, message(0, \"The tests pass.\")), Sent(42_000, end),])"
---
=== 40 columns, colour
[counted]
\e[33m•\e[0m \e[2mwaiting for the model\e[0m  \e[32mctx 47%\e[0m

[running]
\e[33m•\e[0m \e[36m$ cargo test --workspace\e[0m  \e[32mctx 47%\e[0m

[compacting]
\e[33m·\e[0m \e[36m$ cargo test --workspace\e[0m
  \e[32m✓ 1.3s\e[0m
\e[33m•\e[0m \e[2mcompacting context\e[0m  \e[2m1s\e[0m  \e[31mctx 99%\e[0m

[full]
\e[33m·\e[0m \e[36m$ cargo test --workspace\e[0m
  \e[32m✓ 1.3s\e[0m

\e[2mcontext compacted (auto): 231k -> 24k\e[0m
  \e[2mtokens, kept 3 turns, summary 3.2k\e[0m
\e[2mcontext full: the request was 231k of\e[0m
  \e[2m272k tokens; compacted and retried\e[0m
\e[2mcontext full: compaction did not free\e[0m
  \e[2menough room (still 240k); run ,compact\e[0m
  \e[2mor efr new\e[0m
\e[33m•\e[0m \e[2mwaiting for the model\e[0m  \e[2m12s\e[0m  \e[31mctx 116%\e[0m

[end]
\e[33m·\e[0m \e[36m$ cargo test --workspace\e[0m
  \e[32m✓ 1.3s\e[0m

\e[2mcontext compacted (auto): 231k -> 24k\e[0m
  \e[2mtokens, kept 3 turns, summary 3.2k\e[0m
\e[2mcontext full: the request was 231k of\e[0m
  \e[2m272k tokens; compacted and retried\e[0m
\e[2mcontext full: compaction did not free\e[0m
  \e[2menough room (still 240k); run ,compact\e[0m
  \e[2mor efr new\e[0m

The tests pass.

\e[2mdone in 42s, ctx 94% (196k/206k), 1.1k …\e[0m

=== 40 columns, NO_COLOR
[counted]
\e[1m•\e[0m \e[2mwaiting for the model\e[0m  ctx 47%

[running]
\e[1m•\e[0m $ cargo test --workspace  ctx 47%

[compacting]
\e[1m·\e[0m $ cargo test --workspace
  ✓ 1.3s
\e[1m•\e[0m \e[2mcompacting context\e[0m  \e[2m1s\e[0m  \e[1mctx 99%\e[0m

[full]
\e[1m·\e[0m $ cargo test --workspace
  ✓ 1.3s

\e[2mcontext compacted (auto): 231k -> 24k\e[0m
  \e[2mtokens, kept 3 turns, summary 3.2k\e[0m
\e[2mcontext full: the request was 231k of\e[0m
  \e[2m272k tokens; compacted and retried\e[0m
\e[2mcontext full: compaction did not free\e[0m
  \e[2menough room (still 240k); run ,compact\e[0m
  \e[2mor efr new\e[0m
\e[1m•\e[0m \e[2mwaiting for the model\e[0m  \e[2m12s\e[0m  \e[1mctx 116%\e[0m

[end]
\e[1m·\e[0m $ cargo test --workspace
  ✓ 1.3s

\e[2mcontext compacted (auto): 231k -> 24k\e[0m
  \e[2mtokens, kept 3 turns, summary 3.2k\e[0m
\e[2mcontext full: the request was 231k of\e[0m
  \e[2m272k tokens; compacted and retried\e[0m
\e[2mcontext full: compaction did not free\e[0m
  \e[2menough room (still 240k); run ,compact\e[0m
  \e[2mor efr new\e[0m

The tests pass.

\e[2mdone in 42s, ctx 94% (196k/206k), 1.1k …\e[0m

=== 80 columns, colour
[counted]
\e[33m•\e[0m \e[2mwaiting for the model\e[0m  \e[32mctx 47%\e[0m

[running]
\e[33m•\e[0m \e[36m$ cargo test --workspace\e[0m  \e[32mctx 47%\e[0m

[compacting]
\e[33m·\e[0m \e[36m$ cargo test --workspace\e[0m
  \e[32m✓ 1.3s\e[0m
\e[33m•\e[0m \e[2mcompacting context\e[0m  \e[2m1s\e[0m  \e[31mctx 99%\e[0m

[full]
\e[33m·\e[0m \e[36m$ cargo test --workspace\e[0m
  \e[32m✓ 1.3s\e[0m

\e[2mcontext compacted (auto): 231k -> 24k tokens, kept 3 turns, summary 3.2k\e[0m
\e[2mcontext full: the request was 231k of 272k tokens; compacted and retried\e[0m
\e[2mcontext full: compaction did not free enough room (still 240k); run ,compact or\e[0m
  \e[2mefr new\e[0m
\e[33m•\e[0m \e[2mwaiting for the model\e[0m  \e[2m12s\e[0m  \e[31mctx 116%\e[0m

[end]
\e[33m·\e[0m \e[36m$ cargo test --workspace\e[0m
  \e[32m✓ 1.3s\e[0m

\e[2mcontext compacted (auto): 231k -> 24k tokens, kept 3 turns, summary 3.2k\e[0m
\e[2mcontext full: the request was 231k of 272k tokens; compacted and retried\e[0m
\e[2mcontext full: compaction did not free enough room (still 240k); run ,compact or\e[0m
  \e[2mefr new\e[0m

The tests pass.

\e[2mdone in 42s, \e[0m\e[31mctx 94%\e[0m\e[2m (196k/206k), 1.1k out\e[0m

=== 80 columns, NO_COLOR
[counted]
\e[1m•\e[0m \e[2mwaiting for the model\e[0m  ctx 47%

[running]
\e[1m•\e[0m $ cargo test --workspace  ctx 47%

[compacting]
\e[1m·\e[0m $ cargo test --workspace
  ✓ 1.3s
\e[1m•\e[0m \e[2mcompacting context\e[0m  \e[2m1s\e[0m  \e[1mctx 99%\e[0m

[full]
\e[1m·\e[0m $ cargo test --workspace
  ✓ 1.3s

\e[2mcontext compacted (auto): 231k -> 24k tokens, kept 3 turns, summary 3.2k\e[0m
\e[2mcontext full: the request was 231k of 272k tokens; compacted and retried\e[0m
\e[2mcontext full: compaction did not free enough room (still 240k); run ,compact or\e[0m
  \e[2mefr new\e[0m
\e[1m•\e[0m \e[2mwaiting for the model\e[0m  \e[2m12s\e[0m  \e[1mctx 116%\e[0m

[end]
\e[1m·\e[0m $ cargo test --workspace
  ✓ 1.3s

\e[2mcontext compacted (auto): 231k -> 24k tokens, kept 3 turns, summary 3.2k\e[0m
\e[2mcontext full: the request was 231k of 272k tokens; compacted and retried\e[0m
\e[2mcontext full: compaction did not free enough room (still 240k); run ,compact or\e[0m
  \e[2mefr new\e[0m

The tests pass.

\e[2mdone in 42s, \e[0m\e[1mctx 94%\e[0m\e[2m (196k/206k), 1.1k out\e[0m

=== not a terminal
[counted]
stdout:
stderr:

[running]
stdout:
stderr:

[compacting]
stdout:
stderr:
· $ cargo test --workspace
  ✓ 1.3s

[full]
stdout:
stderr:
· $ cargo test --workspace
  ✓ 1.3s

context compacted (auto): 231k -> 24k tokens, kept 3 turns, summary 3.2k
context full: the request was 231k of 272k tokens; compacted and retried
context full: compaction did not free enough room (still 240k); run ,compact or efr new

[end]
stdout:
The tests pass.
stderr:
· $ cargo test --workspace
  ✓ 1.3s

context compacted (auto): 231k -> 24k tokens, kept 3 turns, summary 3.2k
context full: the request was 231k of 272k tokens; compacted and retried
context full: compaction did not free enough room (still 240k); run ,compact or efr new
