---
source: crates/efr-cli/src/commands/config/tests.rs
expression: "effective(&ctx, &view)"
---
# /c/efr/config.toml (absent; every value is its default)
# Every key of config.toml with where its value comes from. efrd applies
# EFR_LOG, EFR_SCREEN and its flags on top; efrd --print-config shows them.
# warning: config.toml has an error, so the defaults show: unclosed table, expected `]` (line 1, column 7)
log = "info"  # default
screen = "auto"  # default
model.provider = "openai-subscription"  # default
model.name = (unset)  # default
model.effort = (unset)  # default
model.system_prompt = <1199 bytes>  # default
model.max_output_tokens = (unset)  # default
openai.originator = "efr"  # default
openai.models = (built in)  # default
openai.subscription_base_url = (unset)  # default
openai.api_base_url = (unset)  # default
permissions.mode = "cautious"  # default
permissions.secret_paths = []  # default
permissions.rules = []  # default
shell.program = (unset)  # default
shell.login = true  # default
shell.idle_minutes = 60  # default
shell.sudo_cache = "keep"  # default
conversation.max_queued = 16  # default
conversation.approval_timeout_secs = (unset)  # default
conversation.update_interval_ms = 200  # default
conversation.tty_idle_hours = 12  # default
render.theme = (unset)  # default

[efr]
theme = "ansi"  # default
colour = "none"  # NO_COLOR is set
formatted = false  # stdout is not a terminal; raw markdown
open_browser = false  # EFR_OPEN_BROWSER is not a flag, so it is off
log = "warn"  # default

[paths]
config = "/c/efr"  # XDG
data = "/d/efr"  # XDG
state = "/s/efr"  # XDG
runtime = "/run/user/1000/efr"  # XDG

[daemon]
# socket: unknown, because the daemon speaks protocol 9 and this client speaks 1
config = "/elsewhere/efr/config.toml"  # admin.status
# warning: the daemon reads /elsewhere/efr/config.toml, this shell reads /c/efr/config.toml; give efrd.service the same EFR_HOME or EFR_CONFIG_DIR with systemctl --user edit efrd
# warning: /c/efr/config.toml names the theme "neon", which does not exist
