---
source: crates/efr-cli/tests/it/smoke.rs
expression: text(&output.stdout)
---
Talk to the efr daemon: send prompts, follow replies, check status

Usage: efr <COMMAND>

Commands:
  send      Send a prompt to this terminal's conversation and follow the reply
  new       Start a new conversation for this terminal with its first prompt
  status    Show whether the daemon runs, and its health
  history   List recent conversations, or show the events of one
  settings  Show the mode, model and effort that a prompt would use, with where each comes from
  models    List the models that a prompt may name
  login     Log in to a model provider
  config    Show, check, edit and change config.toml
  project   List, add and remove the projects that the permission modes trust
  paths     Show where efr keeps its files, and where the daemon keeps them
  help      Print this message or the help of the given subcommand(s)

Options:
  -h, --help     Print help
  -V, --version  Print version

In zsh, the efr plugin runs these for you: `, <prompt>`, `,new` and `,! <text>`, and `,mode`, `,model` and `,effort` set the terminal's turn settings.
