---
source: crates/efr-cli/src/follow/view/tests.rs
expression: readable(&step.out)
---
\e[?2026h\e[1;33m? allow outside the sandbox\e[0m
\e[2m│ \e[0m\e[36msudo ./scripts/setup.sh\e[0m
\e[2m│ \e[0m\e[1;33mruns with your full rights: files,\e[0m
\e[2m│ \e[0m  \e[1;33msecrets, network\e[0m
\e[2m│ \e[0m\e[2mwhy: sudo (you may need to type your\e[0m
\e[2m│ \e[0m  \e[2mpassword)\e[0m
\e[2m│ \e[0m\e[2mprograms: sudo, ./scripts/setup.sh\e[0m
\e[2m│ \e[0m  \e[2m~/project/scripts/setup.sh\e[0m
\e[2m│ \e[0m  \e[1;33m(untrusted: written in the sandbox;\e[0m
\e[2m│ \e[0m  \e[1;33min a write root, changed this turn)\e[0m
\e[2m│ \e[0m\e[2mefr: only you can allow this\e[0m
\e[2m│ \e[0m\e[1my\e[0m\e[2m allow\e[0m\e[2m · \e[0m\e[1mn\e[0m\e[2m deny\e[0m
\e[?2026l
