---
source: crates/efr-cli/src/follow/view/tests.rs
expression: readable(&step.out)
---
\e[?2026h\e[1;33m? allow this call\e[0m
\e[2m│ \e[0mshell: run "printf x; hostnamectl;
\e[2m│ \e[0m  uptime; systemctl --failed"
\e[2m│ \e[0m\e[2masks for: hostnamectl, systemctl\e[0m
\e[2m│ \e[0m  \e[2m--failed\e[0m
\e[2m│ \e[0m\e[1my\e[0m\e[2m allow\e[0m\e[2m · \e[0m\e[1mn\e[0m\e[2m deny\e[0m
\e[?2026l
