---
source: crates/efr-cli/src/follow/view/tests.rs
expression: readable(&step.out)
---
\e[?2026h\e[1;33m? keep the git settings that the last\e[0m
  \e[1;33mcommand changed\e[0m
\e[2m│ \e[0m~/project/.git/commondir
\e[2m│ \e[0m  (core.fsmonitor); moved to
\e[2m│ \e[0m  quarantine
\e[2m│ \e[0m\e[1my\e[0m\e[2m keep\e[0m\e[2m · \e[0m\e[1mn\e[0m\e[2m leave in quarantine\e[0m
\e[?2026l
