---
source: crates/efr-cli/src/follow/view/tests.rs
expression: shown
---
\e[?2026h\e[33m•\e[0m \e[36m$ sudo pacman -Syu\e[0m
\e[?2026l
---
\e[?2026h\r\e[1A\e[J\e[33m•\e[0m \e[36m$ sudo pacman -Syu\e[0m
\e[2m  │ :: Synchronizing package databases.…\e[0m
\e[2m  │ core is up to date\e[0m
\e[?2026l
---

---
\e[?2026h\r\e[3A\e[J\e[33m•\e[0m \e[36m$ sudo pacman -Syu\e[0m
\e[2m  │ パッケージを取得しています。お待ち…\e[0m
\e[?2026l
---
\e[?2026h\r\e[2A\e[J\e[33m·\e[0m \e[36m$ sudo pacman -Syu\e[0m
  \e[32m✓\e[0m
\e[?2026l
